[boomchart.net/kingsmen/admin.html]
[backblue.gif]
[fade.gif]
[index.html]
[boomchart.net/kingsmen/asset/images/favicon_1602430445.png]
[boomchart.net/kingsmen/asset/dashboard/vendor/jquery/dist/jquery.min.js]
[boomchart.net/kingsmen/asset/dashboard/vendor/bootstrap/dist/js/bootstrap.bundle.min.js]
[boomchart.net/kingsmen/asset/dashboard/vendor/js-cookie/js.cookie.js]
[boomchart.net/kingsmen/asset/dashboard/vendor/jquery.scrollbar/jquery.scrollbar.min.js]
[boomchart.net/kingsmen/asset/dashboard/vendor/jquery-scroll-lock/dist/jquery-scrollLock.min.js]
[boomchart.net/kingsmen/asset/dashboard/vendor/chart.js/dist/Chart.min.js]
[boomchart.net/kingsmen/asset/dashboard/vendor/chart.js/dist/Chart.extension.js]
[boomchart.net/kingsmen/asset/dashboard/vendor/jvectormap-next/jquery-jvectormap.min.js]
[boomchart.net/kingsmen/asset/dashboard/js/vendor/jvectormap/jquery-jvectormap-world-mill.js]
[boomchart.net/kingsmen/asset/dashboard/vendor/datatables.net/js/jquery.dataTables.min.js]
[boomchart.net/kingsmen/asset/dashboard/vendor/datatables.net-bs4/js/dataTables.bootstrap4.min.js]
[boomchart.net/kingsmen/asset/dashboard/vendor/datatables.net-buttons/js/dataTables.buttons.min.js]
[boomchart.net/kingsmen/asset/dashboard/vendor/datatables.net-buttons-bs4/js/buttons.bootstrap4.min.js]
[boomchart.net/kingsmen/asset/dashboard/vendor/datatables.net-buttons/js/buttons.html5.min.js]
[boomchart.net/kingsmen/asset/dashboard/vendor/datatables.net-buttons/js/buttons.flash.min.js]
[boomchart.net/kingsmen/asset/dashboard/vendor/datatables.net-buttons/js/buttons.print.min.js]
[boomchart.net/kingsmen/asset/dashboard/vendor/datatables.net-select/js/dataTables.select.min.js]
[boomchart.net/kingsmen/asset/dashboard/vendor/clipboard/dist/clipboard.min.js]
[boomchart.net/kingsmen/asset/dashboard/vendor/select2/dist/js/select2.min.js]
[boomchart.net/kingsmen/asset/dashboard/vendor/bootstrap-datepicker/dist/js/bootstrap-datepicker.min.js]
[boomchart.net/kingsmen/asset/dashboard/vendor/nouislider/distribute/nouislider.min.js]
[boomchart.net/kingsmen/asset/dashboard/vendor/quill/dist/quill.min.js]
[boomchart.net/kingsmen/asset/dashboard/vendor/dropzone/dist/min/dropzone.min.js]
[boomchart.net/kingsmen/asset/dashboard/vendor/bootstrap-tagsinput/dist/bootstrap-tagsinput.min.js]
[boomchart.net/kingsmen/asset/dashboard/js/argon9f1e.js]
[boomchart.net/kingsmen/asset/dashboard/js/demo.min.js]
[boomchart.net/kingsmen/asset/js/toast.js]
[boomchart.net/kingsmen/admin.html]
[boomchart.net/kingsmen/asset/css/toast.css]
[boomchart.net/kingsmen/asset/dashboard/vendor/nucleo/fonts/nucleo-icons.eot]
[boomchart.net/kingsmen/asset/dashboard/vendor/nucleo/fonts/nucleo-icons.woff2]
[boomchart.net/kingsmen/asset/dashboard/vendor/nucleo/fonts/nucleo-icons.woff]
[boomchart.net/kingsmen/asset/dashboard/vendor/nucleo/fonts/nucleo-icons.ttf]
[boomchart.net/kingsmen/asset/dashboard/vendor/nucleo/css/nucleo.css]
[boomchart.net/kingsmen/asset/dashboard/vendor/@fortawesome/fontawesome-free/webfonts/fa-brands-400.eot]
[boomchart.net/kingsmen/asset/dashboard/vendor/@fortawesome/fontawesome-free/webfonts/fa-brands-400d41d.eot]
[boomchart.net/kingsmen/asset/dashboard/vendor/@fortawesome/fontawesome-free/webfonts/fa-brands-400.woff2]
[boomchart.net/kingsmen/asset/dashboard/vendor/@fortawesome/fontawesome-free/webfonts/fa-brands-400.woff]
[boomchart.net/kingsmen/asset/dashboard/vendor/@fortawesome/fontawesome-free/webfonts/fa-brands-400.ttf]
[boomchart.net/kingsmen/asset/dashboard/vendor/@fortawesome/fontawesome-free/webfonts/fa-regular-400.eot]
[boomchart.net/kingsmen/asset/dashboard/vendor/@fortawesome/fontawesome-free/webfonts/fa-regular-400d41d.eot]
[boomchart.net/kingsmen/asset/dashboard/vendor/@fortawesome/fontawesome-free/webfonts/fa-regular-400.woff2]
[boomchart.net/kingsmen/asset/dashboard/vendor/@fortawesome/fontawesome-free/webfonts/fa-regular-400.woff]
[boomchart.net/kingsmen/asset/dashboard/vendor/@fortawesome/fontawesome-free/webfonts/fa-regular-400.ttf]
[boomchart.net/kingsmen/asset/dashboard/vendor/@fortawesome/fontawesome-free/webfonts/fa-solid-900.eot]
[boomchart.net/kingsmen/asset/dashboard/vendor/@fortawesome/fontawesome-free/webfonts/fa-solid-900d41d.eot]
[boomchart.net/kingsmen/asset/dashboard/vendor/@fortawesome/fontawesome-free/webfonts/fa-solid-900.woff2]
[boomchart.net/kingsmen/asset/dashboard/vendor/@fortawesome/fontawesome-free/webfonts/fa-solid-900.woff]
[boomchart.net/kingsmen/asset/dashboard/vendor/@fortawesome/fontawesome-free/webfonts/fa-solid-900.ttf]
[boomchart.net/kingsmen/asset/dashboard/vendor/@fortawesome/fontawesome-free/css/all.min.css]
[boomchart.net/kingsmen/asset/dashboard/vendor/datatables.net-bs4/css/dataTables.bootstrap4.min.css]
[boomchart.net/kingsmen/asset/dashboard/vendor/datatables.net-buttons-bs4/css/buttons.bootstrap4.min.css]
[boomchart.net/kingsmen/asset/dashboard/vendor/datatables.net-select-bs4/css/select.bootstrap4.min.css]
[boomchart.net/kingsmen/asset/images/flag.png]
[boomchart.net/kingsmen/asset/fonts/boing/boing_semibold_web.woff]
[boomchart.net/kingsmen/asset/fonts/graphik/graphik_regular.woff]
[boomchart.net/kingsmen/asset/fonts/graphik/graphik_medium.woff]
[boomchart.net/kingsmen/asset/dashboard/css/argon9f1e.css]
[boomchart.net/kingsmen/asset/fonts/fontawesome/webfonts/fa-brands-400.eot]
[boomchart.net/kingsmen/asset/fonts/fontawesome/webfonts/fa-brands-400d41d.eot]
[boomchart.net/kingsmen/asset/fonts/fontawesome/webfonts/fa-brands-400.woff2]
[boomchart.net/kingsmen/asset/fonts/fontawesome/webfonts/fa-brands-400.woff]
[boomchart.net/kingsmen/asset/fonts/fontawesome/webfonts/fa-brands-400.ttf]
[boomchart.net/kingsmen/asset/fonts/fontawesome/webfonts/fa-duotone-900.eot]
[boomchart.net/kingsmen/asset/fonts/fontawesome/webfonts/fa-duotone-900d41d.eot]
[boomchart.net/kingsmen/asset/fonts/fontawesome/webfonts/fa-duotone-900.woff2]
[boomchart.net/kingsmen/asset/fonts/fontawesome/webfonts/fa-duotone-900.woff]
[boomchart.net/kingsmen/asset/fonts/fontawesome/webfonts/fa-duotone-900.ttf]
[boomchart.net/kingsmen/asset/fonts/fontawesome/webfonts/fa-light-300.eot]
[boomchart.net/kingsmen/asset/fonts/fontawesome/webfonts/fa-light-300d41d.eot]
[boomchart.net/kingsmen/asset/fonts/fontawesome/webfonts/fa-light-300.woff2]
[boomchart.net/kingsmen/asset/fonts/fontawesome/webfonts/fa-light-300.woff]
[boomchart.net/kingsmen/asset/fonts/fontawesome/webfonts/fa-light-300.ttf]
[boomchart.net/kingsmen/asset/fonts/fontawesome/webfonts/fa-regular-400.eot]
[boomchart.net/kingsmen/asset/fonts/fontawesome/webfonts/fa-regular-400d41d.eot]
[boomchart.net/kingsmen/asset/fonts/fontawesome/webfonts/fa-regular-400.woff2]
[boomchart.net/kingsmen/asset/fonts/fontawesome/webfonts/fa-regular-400.woff]
[boomchart.net/kingsmen/asset/fonts/fontawesome/webfonts/fa-regular-400.ttf]
[boomchart.net/kingsmen/asset/fonts/fontawesome/webfonts/fa-solid-900.eot]
[boomchart.net/kingsmen/asset/fonts/fontawesome/webfonts/fa-solid-900d41d.eot]
[boomchart.net/kingsmen/asset/fonts/fontawesome/webfonts/fa-solid-900.woff2]
[boomchart.net/kingsmen/asset/fonts/fontawesome/webfonts/fa-solid-900.woff]
[boomchart.net/kingsmen/asset/fonts/fontawesome/webfonts/fa-solid-900.ttf]
[boomchart.net/kingsmen/asset/fonts/fontawesome/css/all.css]
[boomchart.net/kingsmen/asset/dashboard/vendor/nucleo/fonts/nucleo-icons.svg]
[boomchart.net/kingsmen/asset/dashboard/vendor/@fortawesome/fontawesome-free/webfonts/fa-brands-400.svg]
[boomchart.net/kingsmen/asset/dashboard/vendor/@fortawesome/fontawesome-free/webfonts/fa-regular-400.svg]
[boomchart.net/kingsmen/asset/dashboard/vendor/@fortawesome/fontawesome-free/webfonts/fa-solid-900.svg]
[boomchart.net/kingsmen/asset/fonts/boing/boing_semibold_web.html]
[boomchart.net/kingsmen/asset/fonts/boing/boing_semibold_web-2.html]
[boomchart.net/kingsmen/asset/fonts/boing/boing_semibold_webd41d.html]
[boomchart.net/kingsmen/asset/fonts/boing/boing_semibold_web-3.html]
[boomchart.net/kingsmen/asset/fonts/graphik/graphik_light.html]
[boomchart.net/kingsmen/asset/fonts/graphik/graphik_light-2.html]
[boomchart.net/kingsmen/asset/fonts/graphik/graphik_lightd41d.html]
[boomchart.net/kingsmen/asset/fonts/graphik/graphik_light-3.html]
[boomchart.net/kingsmen/asset/fonts/graphik/graphik_light-4.html]
[boomchart.net/kingsmen/asset/fonts/graphik/graphik_regular.html]
[boomchart.net/kingsmen/asset/fonts/graphik/graphik_regular-2.html]
[boomchart.net/kingsmen/asset/fonts/graphik/graphik_regulard41d.html]
[boomchart.net/kingsmen/asset/fonts/graphik/graphik_regular-3.html]
[boomchart.net/kingsmen/asset/fonts/graphik/graphik_medium.html]
[boomchart.net/kingsmen/asset/fonts/graphik/graphik_mediumd41d.html]
[boomchart.net/kingsmen/asset/fonts/graphik/graphik_medium-2.html]
[boomchart.net/kingsmen/asset/fonts/graphik/graphik_medium-3.html]
[boomchart.net/kingsmen/asset/fonts/graphik/graphik_semibold.html]
[boomchart.net/kingsmen/asset/fonts/graphik/graphik_semibold-2.html]
[boomchart.net/kingsmen/asset/fonts/graphik/graphik_semibold-3.html]
[boomchart.net/kingsmen/asset/fonts/graphik/graphik_semibold-4.html]
[boomchart.net/kingsmen/asset/fonts/graphik/graphik_semibold-5.html]
[boomchart.net/kingsmen/asset/fonts/tiempos/TiemposHeadline-Boldd41d.html]
[boomchart.net/kingsmen/asset/fonts/tiempos/TiemposHeadline-Bold.html]
[boomchart.net/kingsmen/asset/fonts/tiempos/TiemposHeadline-Bold-2.html]
[boomchart.net/kingsmen/asset/fonts/tiempos/TiemposHeadline-Bold-3.html]
[boomchart.net/kingsmen/asset/fonts/tiempos/TiemposHeadline-Bold-4.html]
[boomchart.net/kingsmen/asset/fonts/moret/Moret-Regular.html]
[boomchart.net/kingsmen/asset/fonts/moret/Moret-Regular-2.html]
[boomchart.net/kingsmen/asset/fonts/moret/Moret-Regular-3.html]
[boomchart.net/kingsmen/asset/fonts/moret/Moret-Regulard41d.html]
[boomchart.net/kingsmen/asset/fonts/moret/Moret-Regular-4.html]
[boomchart.net/kingsmen/asset/fonts/moret/Moret-Regular-5.html]
[www.w3.org/2000/svg.61.delayed]
[www.w3.org/2000/svg.61.delayed]
[boomchart.net/kingsmen/asset/dashboard/img/calendar/january.html]
[boomchart.net/kingsmen/asset/dashboard/img/calendar/february.html]
[boomchart.net/kingsmen/asset/dashboard/img/calendar/march.html]
[boomchart.net/kingsmen/asset/dashboard/img/calendar/april.html]
[boomchart.net/kingsmen/asset/dashboard/img/calendar/may.html]
[boomchart.net/kingsmen/asset/dashboard/img/calendar/june.html]
[boomchart.net/kingsmen/asset/dashboard/img/calendar/july.html]
[boomchart.net/kingsmen/asset/dashboard/img/calendar/august.html]
[boomchart.net/kingsmen/asset/dashboard/img/calendar/september.html]
[boomchart.net/kingsmen/asset/dashboard/img/calendar/october.html]
[boomchart.net/kingsmen/asset/dashboard/img/calendar/november.html]
[boomchart.net/kingsmen/asset/dashboard/img/calendar/december.html]
[boomchart.net/kingsmen/asset/images/country-flag-16X16/usa.html]
[boomchart.net/kingsmen/asset/images/country-flag-16X16/spain.html]
[boomchart.net/kingsmen/asset/images/country-flag-16X16/hindi.html]
[boomchart.net/kingsmen/asset/images/country-flag-16X16/germany.html]
[boomchart.net/kingsmen/asset/images/country-flag-16X16/france.html]
[boomchart.net/kingsmen/asset/images/country-flag-16X16/china.html]
[boomchart.net/kingsmen/asset/fonts/fontawesome/webfonts/fa-brands-400.svg]
[boomchart.net/kingsmen/asset/fonts/fontawesome/webfonts/fa-duotone-900.svg]
[boomchart.net/kingsmen/asset/fonts/fontawesome/webfonts/fa-light-300.svg]
[boomchart.net/kingsmen/asset/fonts/fontawesome/webfonts/fa-regular-400.svg]
[boomchart.net/kingsmen/asset/fonts/fontawesome/webfonts/fa-solid-900.svg]
