[boomchart.net/flutter/login.html]
[backblue.gif]
[fade.gif]
[index.html]
[boomchart.net/flutter/asset/images/favicon_1620432669.jpg]
[boomchart.net/flutter/asset/images/logo_1620432676.png]
[boomchart.net/flutter/user-password/reset.html]
[boomchart.net/flutter/register.html]
[boomchart.net/flutter/asset/vendor/jquery/dist/jquery.min.js]
[boomchart.net/flutter/asset/vendor/jquery-migrate/dist/jquery-migrate.min.js]
[boomchart.net/flutter/asset/vendor/bootstrap/dist/js/bootstrap.bundle.min.js]
[boomchart.net/flutter/asset/vendor/jquery-validation/dist/jquery.validate.min.js]
[boomchart.net/flutter/asset/vendor/slick-carousel/slick/slick.js]
[boomchart.net/flutter/asset/js/hs.core.js]
[boomchart.net/flutter/asset/js/hs.validation.js]
[boomchart.net/flutter/asset/js/hs.slick-carousel.js]
[boomchart.net/flutter/asset/js/toast.js]
[boomchart.net/flutter/asset/vendor/polifills.js]
[boomchart.net/flutter/login.html]
[boomchart.net/flutter/asset/vendor/slick-carousel/slick/slick.css]
[boomchart.net/flutter/asset/fonts/boing/boing_semibold_web.woff]
[boomchart.net/flutter/asset/fonts/graphik/graphik_regular.woff]
[boomchart.net/flutter/asset/fonts/graphik/graphik_medium.woff]
[boomchart.net/flutter/asset/images/flag.png]
[boomchart.net/flutter/asset/css/theme.css]
[boomchart.net/flutter/asset/fonts/fontawesome/fonts/fontawesome-webfont5b62.eot]
[boomchart.net/flutter/asset/fonts/fontawesome/fonts/fontawesome-webfontd41d.eot]
[boomchart.net/flutter/asset/fonts/fontawesome/fonts/fontawesome-webfont5b62.woff2]
[boomchart.net/flutter/asset/fonts/fontawesome/fonts/fontawesome-webfont5b62.woff]
[boomchart.net/flutter/asset/fonts/fontawesome/fonts/fontawesome-webfont5b62.ttf]
[boomchart.net/flutter/asset/fonts/fontawesome/styles.min.css]
[boomchart.net/flutter/asset/fonts/fontawesome/webfonts/fa-brands-400.eot]
[boomchart.net/flutter/asset/fonts/fontawesome/webfonts/fa-brands-400d41d.eot]
[boomchart.net/flutter/asset/fonts/fontawesome/webfonts/fa-brands-400.woff2]
[boomchart.net/flutter/asset/fonts/fontawesome/webfonts/fa-brands-400.woff]
[boomchart.net/flutter/asset/fonts/fontawesome/webfonts/fa-brands-400.ttf]
[boomchart.net/flutter/asset/fonts/fontawesome/webfonts/fa-duotone-900.eot]
[boomchart.net/flutter/asset/fonts/fontawesome/webfonts/fa-duotone-900d41d.eot]
[boomchart.net/flutter/asset/fonts/fontawesome/webfonts/fa-duotone-900.woff2]
[boomchart.net/flutter/asset/fonts/fontawesome/webfonts/fa-duotone-900.woff]
[boomchart.net/flutter/asset/fonts/fontawesome/webfonts/fa-duotone-900.ttf]
[boomchart.net/flutter/asset/fonts/fontawesome/webfonts/fa-light-300.eot]
[boomchart.net/flutter/asset/fonts/fontawesome/webfonts/fa-light-300d41d.eot]
[boomchart.net/flutter/asset/fonts/fontawesome/webfonts/fa-light-300.woff2]
[boomchart.net/flutter/asset/fonts/fontawesome/webfonts/fa-light-300.woff]
[boomchart.net/flutter/asset/fonts/fontawesome/webfonts/fa-light-300.ttf]
[boomchart.net/flutter/asset/fonts/fontawesome/webfonts/fa-regular-400.eot]
[boomchart.net/flutter/asset/fonts/fontawesome/webfonts/fa-regular-400d41d.eot]
[boomchart.net/flutter/asset/fonts/fontawesome/webfonts/fa-regular-400.woff2]
[boomchart.net/flutter/asset/fonts/fontawesome/webfonts/fa-regular-400.woff]
[boomchart.net/flutter/asset/fonts/fontawesome/webfonts/fa-regular-400.ttf]
[boomchart.net/flutter/asset/fonts/fontawesome/webfonts/fa-solid-900.eot]
[boomchart.net/flutter/asset/fonts/fontawesome/webfonts/fa-solid-900d41d.eot]
[boomchart.net/flutter/asset/fonts/fontawesome/webfonts/fa-solid-900.woff2]
[boomchart.net/flutter/asset/fonts/fontawesome/webfonts/fa-solid-900.woff]
[boomchart.net/flutter/asset/fonts/fontawesome/webfonts/fa-solid-900.ttf]
[boomchart.net/flutter/asset/fonts/fontawesome/css/all.css]
[boomchart.net/flutter/asset/css/toast.css]
[boomchart.net/flutter/asset/images/abstract-shapes-20.svg]
[boomchart.net/flutter/user-password/reset.html]
[boomchart.net/flutter/terms.html]
[boomchart.net/flutter/register.html]
[boomchart.net/flutter/asset/fonts/boing/boing_semibold_web.html]
[boomchart.net/flutter/asset/fonts/boing/boing_semibold_web-2.html]
[boomchart.net/flutter/asset/fonts/boing/boing_semibold_webd41d.html]
[boomchart.net/flutter/asset/fonts/boing/boing_semibold_web-3.html]
[boomchart.net/flutter/asset/fonts/graphik/graphik_light.html]
[boomchart.net/flutter/asset/fonts/graphik/graphik_light-2.html]
[boomchart.net/flutter/asset/fonts/graphik/graphik_lightd41d.html]
[boomchart.net/flutter/asset/fonts/graphik/graphik_light-3.html]
[boomchart.net/flutter/asset/fonts/graphik/graphik_light-4.html]
[boomchart.net/flutter/asset/fonts/graphik/graphik_regular.html]
[boomchart.net/flutter/asset/fonts/graphik/graphik_regular-2.html]
[boomchart.net/flutter/asset/fonts/graphik/graphik_regulard41d.html]
[boomchart.net/flutter/asset/fonts/graphik/graphik_regular-3.html]
[boomchart.net/flutter/asset/fonts/graphik/graphik_medium.html]
[boomchart.net/flutter/asset/fonts/graphik/graphik_mediumd41d.html]
[boomchart.net/flutter/asset/fonts/graphik/graphik_medium-2.html]
[boomchart.net/flutter/asset/fonts/graphik/graphik_medium-3.html]
[boomchart.net/flutter/asset/fonts/graphik/graphik_semibold.html]
[boomchart.net/flutter/asset/fonts/graphik/graphik_semibold-2.html]
[boomchart.net/flutter/asset/fonts/graphik/graphik_semibold-3.html]
[boomchart.net/flutter/asset/fonts/graphik/graphik_semibold-4.html]
[boomchart.net/flutter/asset/fonts/graphik/graphik_semibold-5.html]
[boomchart.net/flutter/asset/fonts/tiempos/TiemposHeadline-Boldd41d.html]
[boomchart.net/flutter/asset/fonts/tiempos/TiemposHeadline-Bold.html]
[boomchart.net/flutter/asset/fonts/tiempos/TiemposHeadline-Bold-2.html]
[boomchart.net/flutter/asset/fonts/tiempos/TiemposHeadline-Bold-3.html]
[boomchart.net/flutter/asset/fonts/tiempos/TiemposHeadline-Bold-4.html]
[boomchart.net/flutter/asset/fonts/moret/Moret-Regular.html]
[boomchart.net/flutter/asset/fonts/moret/Moret-Regular-2.html]
[boomchart.net/flutter/asset/fonts/moret/Moret-Regular-3.html]
[boomchart.net/flutter/asset/fonts/moret/Moret-Regulard41d.html]
[boomchart.net/flutter/asset/fonts/moret/Moret-Regular-4.html]
[boomchart.net/flutter/asset/fonts/moret/Moret-Regular-5.html]
[boomchart.net/flutter/asset/images/flags/us.svg]
[boomchart.net/flutter/asset/images/abstract-shapes-21.svg]
[boomchart.net/flutter/asset/svg/components/circle-preloader.html]
[boomchart.net/flutter/asset/fonts/fontawesome/fonts/fontawesome-webfont5b62.svg]
[boomchart.net/flutter/asset/fonts/fontawesome/webfonts/fa-brands-400.svg]
[boomchart.net/flutter/asset/fonts/fontawesome/webfonts/fa-duotone-900.svg]
[boomchart.net/flutter/asset/fonts/fontawesome/webfonts/fa-light-300.svg]
[boomchart.net/flutter/asset/fonts/fontawesome/webfonts/fa-regular-400.svg]
[boomchart.net/flutter/asset/fonts/fontawesome/webfonts/fa-solid-900.svg]
[boomchart.net/flutter/about.html]
[boomchart.net/flutter/blog.html]
[boomchart.net/flutter/faq.html]
[boomchart.net/flutter/contact.html]
[boomchart.net/flutter/page/aml-policy.html]
[boomchart.net/flutter/page/diversity.html]
[boomchart.net/flutter/page/sponsoring.html]
[boomchart.net/flutter/privacy.html]
[boomchart.net/flutter/asset/vendor/hs-header/dist/hs-header.min.js]
[boomchart.net/flutter/asset/vendor/hs-go-to/dist/hs-go-to.min.js]
[boomchart.net/flutter/asset/vendor/hs-unfold/dist/hs-unfold.min.js]
[boomchart.net/flutter/asset/vendor/hs-mega-menu/dist/hs-mega-menu.min.js]
[boomchart.net/flutter/asset/vendor/hs-sticky-block/dist/hs-sticky-block.min.js]
[boomchart.net/flutter/asset/vendor/hs-show-animation/dist/hs-show-animation.min.js]
[boomchart.net/flutter/asset/vendor/dzsparallaxer/dzsparallaxer.js]
[boomchart.net/flutter/asset/vendor/cubeportfolio/js/jquery.cubeportfolio.min.js]
[boomchart.net/flutter/asset/vendor/typed.js/lib/typed.min.js]
[boomchart.net/flutter/asset/vendor/aos/dist/aos.js]
[boomchart.net/flutter/asset/js/hs.cubeportfolio.js]
[boomchart.net/flutter/terms.html]
[boomchart.net/flutter/asset/vendor/hs-mega-menu/dist/hs-mega-menu.min.css]
[boomchart.net/flutter/asset/vendor/font-awesome/webfonts/fa-brands-400.eot]
[boomchart.net/flutter/asset/vendor/font-awesome/webfonts/fa-brands-400d41d.eot]
[boomchart.net/flutter/asset/vendor/font-awesome/webfonts/fa-brands-400.woff2]
[boomchart.net/flutter/asset/vendor/font-awesome/webfonts/fa-brands-400.woff]
[boomchart.net/flutter/asset/vendor/font-awesome/webfonts/fa-brands-400.ttf]
[boomchart.net/flutter/asset/vendor/font-awesome/webfonts/fa-regular-400.eot]
[boomchart.net/flutter/asset/vendor/font-awesome/webfonts/fa-regular-400d41d.eot]
[boomchart.net/flutter/asset/vendor/font-awesome/webfonts/fa-regular-400.woff2]
[boomchart.net/flutter/asset/vendor/font-awesome/webfonts/fa-regular-400.woff]
[boomchart.net/flutter/asset/vendor/font-awesome/webfonts/fa-regular-400.ttf]
[boomchart.net/flutter/asset/vendor/font-awesome/webfonts/fa-solid-900.eot]
[boomchart.net/flutter/asset/vendor/font-awesome/webfonts/fa-solid-900d41d.eot]
[boomchart.net/flutter/asset/vendor/font-awesome/webfonts/fa-solid-900.woff2]
[boomchart.net/flutter/asset/vendor/font-awesome/webfonts/fa-solid-900.woff]
[boomchart.net/flutter/asset/vendor/font-awesome/webfonts/fa-solid-900.ttf]
[boomchart.net/flutter/asset/vendor/font-awesome/css/all.min.css]
[boomchart.net/flutter/asset/vendor/aos/dist/aos.css]
[boomchart.net/flutter/asset/vendor/dzsparallaxer/img/grey_wash_wall.jpg]
[boomchart.net/flutter/asset/vendor/dzsparallaxer/img/fog_clouds_png_by_paradise234-d5czivb.png]
[boomchart.net/flutter/asset/vendor/dzsparallaxer/dzsparallaxer.css]
[boomchart.net/flutter/asset/vendor/cubeportfolio/img/cbp-sprite.png]
[boomchart.net/flutter/asset/vendor/cubeportfolio/css/cubeportfolio.min.css]
[boomchart.net/flutter/asset/images/about_1602890270.jpg]
[boomchart.net/flutter/asset/images/about_1602890235.jpg]
[boomchart.net/flutter/asset/images/about_1602890220.jpg]
[boomchart.net/flutter/asset/images/about_1602889832.jpg]
[boomchart.net/flutter/asset/images/about_1602889807.jpg]
[boomchart.net/flutter/asset/images/about_1602889664.jpg]
[boomchart.net/flutter/about.html]
[boomchart.net/flutter/asset/thumbnails/post_1620316212.jpg]
[boomchart.net/flutter/single/budget-for-your-winter-trip-to-cancun.html]
[boomchart.net/flutter/asset/thumbnails/post_1585828288.jpg]
[boomchart.net/flutter/single/prioritize-your-savings-goals-based-on-what-you-really-want.html]
[boomchart.net/flutter/asset/thumbnails/post_1585828243.jpg]
[boomchart.net/flutter/single/we-are-still-choosing-to-help-you-grow-your-money-and-your-confidence.html]
[boomchart.net/flutter/blog.html]
[boomchart.net/flutter/faq.html]
[boomchart.net/flutter/contact.html]
[boomchart.net/flutter/page/aml-policy.html]
[boomchart.net/flutter/page/diversity.html]
[boomchart.net/flutter/page/sponsoring.html]
[boomchart.net/flutter/asset/images/abstract-shapes-12.svg]
[boomchart.net/flutter/privacy.html]
[boomchart.net/flutter/asset/vendor/font-awesome/webfonts/fa-brands-400.svg]
[boomchart.net/flutter/asset/vendor/font-awesome/webfonts/fa-regular-400.svg]
[boomchart.net/flutter/asset/vendor/font-awesome/webfonts/fa-solid-900.svg]
[boomchart.net/flutter/single-page-grid.html]
[boomchart.net/flutter/single/budget-for-your-winter-trip-to-cancun.html]
[boomchart.net/flutter/single/prioritize-your-savings-goals-based-on-what-you-really-want.html]
[boomchart.net/flutter/single/we-are-still-choosing-to-help-you-grow-your-money-and-your-confidence.html]
[boomchart.net/flutter/asset/images/icon-7.svg]
[boomchart.net/flutter/asset/images/icon-4.svg]
